{
    "test-arcashla-extract-single-end": {
        "content": [
            [
                "",
                "h",
                "o",
                "m",
                "e",
                "",
                "s",
                "u",
                "h",
                "a",
                "i",
                "l",
                "",
                "n",
                "e",
                "o",
                "p",
                "r",
                "e",
                "d",
                "",
                ".",
                "n",
                "f",
                "-",
                "t",
                "e",
                "s",
                "t",
                "",
                "t",
                "e",
                "s",
                "t",
                "s",
                "",
                "1",
                "0",
                "4",
                "8",
                "c",
                "e",
                "4",
                "9",
                "b",
                "c",
                "2",
                "9",
                "4",
                "b",
                "a",
                "e",
                "1",
                "a",
                "3",
                "7",
                "c",
                "0",
                "a",
                "3",
                "3",
                "1",
                "8",
                "2",
                "e",
                "1",
                "a",
                "2",
                "",
                "w",
                "o",
                "r",
                "k",
                "",
                "9",
                "7",
                "",
                "a",
                "6",
                "c",
                "9",
                "2",
                "d",
                "c",
                "6",
                "8",
                "6",
                "c",
                "2",
                "3",
                "b",
                "6",
                "0",
                "b",
                "c",
                "1",
                "e",
                "2",
                "4",
                "c",
                "5",
                "a",
                "7",
                "3",
                "6",
                "b",
                "a",
                "",
                "t",
                "e",
                "s",
                "t",
                "3",
                ".",
                "s",
                "i",
                "n",
                "g",
                "l",
                "e",
                "_",
                "e",
                "n",
                "d",
                ".",
                "m",
                "a",
                "r",
                "k",
                "d",
                "u",
                "p",
                "l",
                "i",
                "c",
                "a",
                "t",
                "e",
                "s",
                ".",
                "s",
                "o",
                "r",
                "t",
                "e",
                "d",
                ".",
                "e",
                "x",
                "t",
                "r",
                "a",
                "c",
                "t",
                "e",
                "d",
                ".",
                "f",
                "q",
                ".",
                "g",
                "z"
            ],
            [
                "test3.single_end.markduplicates.sorted.hla.bam",
                "test3.single_end.markduplicates.sorted.hla.sorted.bam"
            ],
            "test3.single_end.markduplicates.sorted.hla.sam",
            "test3.single_end.markduplicates.sorted.hla.sorted.bam",
            [
                "versions.yml:md5,bad529c7a165615b9641e7780cc13160"
            ]
        ],
        "meta": {
            "nf-test": "0.9.2",
            "nextflow": "24.10.1"
        },
        "timestamp": "2024-12-19T13:02:41.951041"
    },
    "test-arcashla-extract": {
        "content": [
            [
                "test.paired_end.sorted.extracted.1.fq.gz",
                "test.paired_end.sorted.extracted.2.fq.gz"
            ],
            [
                "test.paired_end.sorted.hla.bam",
                "test.paired_end.sorted.hla.sorted.bam"
            ],
            "test.paired_end.sorted.hla.sam",
            "test.paired_end.sorted.hla.sorted.bam",
            [
                "versions.yml:md5,bad529c7a165615b9641e7780cc13160"
            ]
        ],
        "meta": {
            "nf-test": "0.9.2",
            "nextflow": "24.10.1"
        },
        "timestamp": "2024-12-19T12:59:57.776837"
    }
}