{
    "test_gatk4_splitncigarreads_intervals": {
        "content": [
            "test.applybqsr.bam",
            [
                "versions.yml:md5,52030c97dd7da1d3e0df9475cc3f67cb"
            ]
        ],
        "meta": {
            "nf-test": "0.9.2",
            "nextflow": "24.10.1"
        },
        "timestamp": "2024-12-03T07:15:47.333589"
    },
    "test_gatk4_splitncigarreads_stub": {
        "content": [
            "test.applybqsr.bam",
            [
                "versions.yml:md5,52030c97dd7da1d3e0df9475cc3f67cb"
            ]
        ],
        "meta": {
            "nf-test": "0.9.2",
            "nextflow": "24.10.1"
        },
        "timestamp": "2024-12-03T08:31:59.42016"
    },
    "test_gatk4_splitncigarreads": {
        "content": [
            "test.applybqsr.bam",
            [
                "versions.yml:md5,52030c97dd7da1d3e0df9475cc3f67cb"
            ]
        ],
        "meta": {
            "nf-test": "0.9.2",
            "nextflow": "24.10.1"
        },
        "timestamp": "2024-12-03T07:15:27.149073"
    }
}