{
    "tumor_normal_pair_f1r2_stubs": {
        "content": [
            [
                "test.vcf.gz"
            ],
            [
                "test.vcf.gz.tbi"
            ],
            [
                "test.vcf.gz.stats"
            ],
            [
                "test.f1r2.tar.gz"
            ],
            [
                "h"
            ]
        ],
        "meta": {
            "nf-test": "0.9.2",
            "nextflow": "24.10.1"
        },
        "timestamp": "2024-12-04T10:32:20.731949"
    },
    "generate_pon": {
        "content": [
            [
                "test.vcf.gz"
            ],
            [
                "test.vcf.gz.tbi"
            ],
            [
                [
                    {
                        "id": "test"
                    },
                    "test.vcf.gz.stats:md5,b569ce66bbffe9588b3d221e821023ee"
                ]
            ],
            [
                "test.f1r2.tar.gz"
            ],
            [
                "versions.yml:md5,d94731c50c20569fe9896235a843f382"
            ]
        ],
        "meta": {
            "nf-test": "0.9.2",
            "nextflow": "24.10.1"
        },
        "timestamp": "2024-12-04T11:35:40.339877"
    },
    "mitochondria": {
        "content": [
            [
                "test.vcf.gz"
            ],
            [
                "test.vcf.gz.tbi"
            ],
            [
                [
                    {
                        "id": "test"
                    },
                    "test.vcf.gz.stats:md5,4f77301a125913170b8e9e7828b4ca3f"
                ]
            ],
            [
                "test.f1r2.tar.gz"
            ],
            [
                "versions.yml:md5,d94731c50c20569fe9896235a843f382"
            ]
        ],
        "meta": {
            "nf-test": "0.9.2",
            "nextflow": "24.10.1"
        },
        "timestamp": "2024-12-04T11:36:03.563647"
    },
    "cram_input": {
        "content": [
            [
                "test.vcf.gz"
            ],
            [
                "test.vcf.gz.tbi"
            ],
            [
                [
                    {
                        "id": "test"
                    },
                    "test.vcf.gz.stats:md5,55ed641e16089afb33cdbc478e202d3d"
                ]
            ],
            [
                "test.f1r2.tar.gz"
            ],
            [
                "versions.yml:md5,d94731c50c20569fe9896235a843f382"
            ]
        ],
        "meta": {
            "nf-test": "0.9.2",
            "nextflow": "24.10.1"
        },
        "timestamp": "2024-12-04T11:32:18.438734"
    },
    "tumor_single": {
        "content": [
            [
                "test.vcf.gz"
            ],
            [
                "test.vcf.gz.tbi"
            ],
            [
                [
                    {
                        "id": "test"
                    },
                    "test.vcf.gz.stats:md5,55ed641e16089afb33cdbc478e202d3d"
                ]
            ],
            [
                "test.f1r2.tar.gz"
            ],
            [
                "versions.yml:md5,d94731c50c20569fe9896235a843f382"
            ]
        ],
        "meta": {
            "nf-test": "0.9.2",
            "nextflow": "24.10.1"
        },
        "timestamp": "2024-12-04T11:28:47.131521"
    },
    "tumor_normal_pair": {
        "content": [
            [
                "test.vcf.gz"
            ],
            [
                "test.vcf.gz.tbi"
            ],
            [
                [
                    {
                        "id": "test",
                        "normal_id": "normal",
                        "tumor_id": "tumour"
                    },
                    "test.vcf.gz.stats:md5,61d0713dd958229f58c986ee33a7d86d"
                ]
            ],
            [
                "test.f1r2.tar.gz"
            ],
            [
                "versions.yml:md5,d94731c50c20569fe9896235a843f382"
            ]
        ],
        "meta": {
            "nf-test": "0.9.2",
            "nextflow": "24.10.1"
        },
        "timestamp": "2024-12-04T11:19:50.305067"
    },
    "tumor_normal_pair_f1r2": {
        "content": [
            [
                "test.vcf.gz"
            ],
            [
                "test.vcf.gz.tbi"
            ],
            [
                [
                    {
                        "id": "test",
                        "normal_id": "normal",
                        "tumor_id": "tumour"
                    },
                    "test.vcf.gz.stats:md5,61d0713dd958229f58c986ee33a7d86d"
                ]
            ],
            [
                "test.f1r2.tar.gz"
            ],
            [
                "versions.yml:md5,d94731c50c20569fe9896235a843f382"
            ]
        ],
        "meta": {
            "nf-test": "0.9.2",
            "nextflow": "24.10.1"
        },
        "timestamp": "2024-12-04T10:20:59.26158"
    }
}